select omni_web.parse_query_string(null) is null as is_true;
 is_true 
---------
 t
(1 row)

select omni_web.parse_query_string('');
 parse_query_string 
--------------------
 {}
(1 row)

select omni_web.parse_query_string('a');
 parse_query_string 
--------------------
 {a,NULL}
(1 row)

select omni_web.parse_query_string('a=x&b=1');
 parse_query_string 
--------------------
 {a,x,b,1}
(1 row)

select omni_web.parse_query_string('a=x&b=1');
 parse_query_string 
--------------------
 {a,x,b,1}
(1 row)

select omni_web.parse_query_string('a&b=1');
 parse_query_string 
--------------------
 {a,NULL,b,1}
(1 row)

select omni_web.parse_query_string('a=%20&b=1');
 parse_query_string 
--------------------
 {a," ",b,1}
(1 row)

select omni_web.parse_query_string('a=%20&b=1+3');
 parse_query_string 
--------------------
 {a," ",b,"1 3"}
(1 row)

-- Ensure it works with binaries that can be converted
-- to strings
select omni_web.parse_query_string(convert_to('a=x&b=1', 'UTF8'));
 parse_query_string 
--------------------
 {a,x,b,1}
(1 row)

-- Ensure it fails with an arbitrary binary
select omni_web.parse_query_string(E'\x0000'::bytea);
ERROR:  invalid byte sequence for encoding "UTF8": 0x00
