SELECT omni_web.parse_query_string(NULL) IS NULL AS is_true;
 is_true 
---------
 t
(1 row)

SELECT omni_web.parse_query_string('');
 parse_query_string 
--------------------
 {}
(1 row)

SELECT omni_web.parse_query_string('a');
 parse_query_string 
--------------------
 {a,NULL}
(1 row)

SELECT omni_web.parse_query_string('a=x&b=1');
 parse_query_string 
--------------------
 {a,x,b,1}
(1 row)

SELECT omni_web.parse_query_string('a=x&b=1');
 parse_query_string 
--------------------
 {a,x,b,1}
(1 row)

SELECT omni_web.parse_query_string('a&b=1');
 parse_query_string 
--------------------
 {a,NULL,b,1}
(1 row)

SELECT omni_web.parse_query_string('a=%20&b=1');
 parse_query_string 
--------------------
 {a," ",b,1}
(1 row)

SELECT omni_web.parse_query_string('a=%20&b=1+3');
 parse_query_string 
--------------------
 {a," ",b,"1 3"}
(1 row)

