SELECT switch_to_new();
 switch_to_new 
---------------
 t
(1 row)

SELECT switch_back_to_old();
 switch_back_to_old 
--------------------
 t
(1 row)

SELECT switch_back_to_old_with_return();
 switch_back_to_old_with_return 
--------------------------------
 t
(1 row)

SELECT switch_when_finalizing();
 switch_when_finalizing 
------------------------
 t
(1 row)

