-- Ensure we pull an image
SET client_min_messages TO WARNING;
WITH container AS (SELECT * FROM omni_containers.docker_container_create('ghcr.io/yrashk/psql', cmd => $$true$$,
                                                      wait => true, pull => true) AS id)
SELECT true AS result FROM container;
 result 
--------
 t
(1 row)

SET client_min_messages TO NOTICE;
\x ON
SELECT true AS result FROM omni_containers.docker_images WHERE 'ghcr.io/yrashk/psql:latest' = any(repo_tags);
-[ RECORD 1 ]
result | t

