-- Invalid queries
INSERT INTO omni_httpd.handlers (query) VALUES($$SELECT * FROM no_such_table$$);
ERROR:  invalid query
DETAIL:  relation "no_such_table" does not exist
INSERT INTO omni_httpd.handlers (query) VALUES($$SELECT request.pth FROM request$$);
ERROR:  invalid query
DETAIL:  column request.pth does not exist
INSERT INTO omni_httpd.handlers (query) VALUES($$$$);
ERROR:  query can only contain one statement
INSERT INTO omni_httpd.handlers (query) VALUES($$SELECT; SELECT$$);
ERROR:  query can only contain one statement
-- Valid query at the end of the transaction
BEGIN;
INSERT INTO omni_httpd.handlers (query) VALUES($$SELECT * FROM no_such_table$$);
CREATE TABLE no_such_table ();
END;
DROP TABLE no_such_table;
