CREATE TABLE users (
    id integer PRIMARY KEY GENERATED ALWAYS AS IDENTITY,
    handle text,
    name text
);
INSERT INTO users (handle, name) VALUES ('johndoe', 'John');
INSERT INTO omni_httpd.listeners (listen, query) VALUES (array[row('127.0.0.1', 9000)::omni_httpd.listenaddress], $$
WITH
hello AS
(SELECT omni_httpd.http_response(headers => array[omni_httpd.http_header('content-type', 'text/html')], body => 'Hello, <b>' || users.name || '</b>!')
       FROM request
       INNER JOIN users ON string_to_array(request.path,'/', '') = array[NULL, 'users', users.handle]
),
headers AS
(SELECT omni_httpd.http_response(body => request.headers::text) FROM request WHERE request.path = '/headers'),
echo AS
(SELECT omni_httpd.http_response(body => request.body) FROM request WHERE request.path = '/echo'),
not_found AS
(
SELECT omni_httpd.http_response(status => 404, body => json_build_object('method', request.method, 'path', request.path, 'query_string', request.query_string))
       FROM request)
SELECT * FROM hello
UNION ALL
SELECT * FROM headers WHERE NOT EXISTS (SELECT 1 from hello)
UNION ALL
SELECT * FROM echo WHERE NOT EXISTS (SELECT 1 from headers)
UNION ALL
SELECT * FROM not_found WHERE NOT EXISTS (SELECT 1 from echo)
$$);
-- Now, the actual tests
-- FIXME: for the time being, since there's no "request" extension yet, we're shelling out to curl
\! curl --retry-connrefused --retry 10  --retry-max-time 10 --silent -w '\n%{response_code}\nContent-Type: %header{content-type}\n\n' http://localhost:9000/test?q=1
{"method" : "GET", "path" : "/test", "query_string" : "q=1"}
404
Content-Type: text/json

\! curl --retry-connrefused --retry 10  --retry-max-time 10 --silent -w '\n%{response_code}\nContent-Type: %header{content-type}\n\n' -d 'hello world' http://localhost:9000/echo
hello world
200
Content-Type: application/octet-stream

\! curl --retry-connrefused --retry 10  --retry-max-time 10 --silent -w '\n%{response_code}\nContent-Type: %header{content-type}\n\n' http://localhost:9000/users/johndoe
Hello, <b>John</b>!
200
Content-Type: text/html

\! curl --retry-connrefused --retry 10  --retry-max-time 10 --silent -A test-agent http://localhost:9000/headers
{"(user-agent,test-agent,t)","(accept,*/*,t)"}-- Try changing configuration
UPDATE omni_httpd.listeners SET listen = array[row('127.0.0.1', 9001)::omni_httpd.listenaddress,
                                               row('127.0.0.1', 9002)::omni_httpd.listenaddress
];
\! curl --retry-connrefused --retry 10  --retry-max-time 10 --silent -w '\n%{response_code}\nContent-Type: %header{content-type}\n\n' http://localhost:9001/test?q=1
{"method" : "GET", "path" : "/test", "query_string" : "q=1"}
404
Content-Type: text/json

\! curl --retry-connrefused --retry 10  --retry-max-time 10 --silent -w '\n%{response_code}\nContent-Type: %header{content-type}\n\n' http://localhost:9002/test?q=1
{"method" : "GET", "path" : "/test", "query_string" : "q=1"}
404
Content-Type: text/json

\! curl --silent -w '%{exitcode}\n' http://localhost:9000/test?q=1
7
INSERT INTO omni_httpd.listeners (listen, query) VALUES (array[row('127.0.0.1', 9001)::omni_httpd.listenaddress], $$
SELECT omni_httpd.http_response(body => 'another port') FROM request
$$);
-- Ensure we serve correct query for a different listener
\! curl --retry-connrefused --retry 10 --retry-max-time 10 --silent http://localhost:9001
another port