begin;
select omni_seq.id_int64_make(100, 1);
 id_int64_make 
---------------
 100:1
(1 row)

end;
begin;
select
    (omni_seq.system_identifier() = omni_seq.system_identifier() and omni_seq.system_identifier() is not null) as valid;
 valid 
-------
 t
(1 row)

create sequence seq;
create table t
(
    id omni_seq.id_int64 primary key not null default
        omni_seq.id_int64_nextval(10, 'seq')
);
insert
into
    t
select
from
    generate_series(0, 10);
table t;
  id   
-------
 10:1
 10:2
 10:3
 10:4
 10:5
 10:6
 10:7
 10:8
 10:9
 10:10
 10:11
(11 rows)

rollback;
