select omni_types.unit();
 unit 
------
 
(1 row)

select pg_column_size(omni_types.unit());
 pg_column_size 
----------------
              1
(1 row)

-- in/out
select ''::omni_types.unit;
 unit 
------
 
(1 row)

select ''::omni_types.unit::text;
 text 
------
 
(1 row)

-- binary send/recv
select omni_types.unit_send(omni_types.unit());
 unit_send 
-----------
 \x
(1 row)

