SELECT omni_ext_test.wait_for_table('local_worker_started');
 wait_for_table 
----------------
 t
(1 row)

\d local_worker_started;
      Table "public.local_worker_started"
 Column | Type | Collation | Nullable | Default 
--------+------+-----------+----------+---------

CREATE DATABASE another_db_local_worker;
\connect another_db_local_worker
CREATE EXTENSION omni_ext_test CASCADE;
NOTICE:  installing required extension "omni_ext"
SELECT omni_ext_test.wait_for_table('local_worker_started');
 wait_for_table 
----------------
 t
(1 row)

\d local_worker_started;
      Table "public.local_worker_started"
 Column | Type | Collation | Nullable | Default 
--------+------+-----------+----------+---------

