SELECT omni_ext_test.wait_for_table('global_worker_started');
 wait_for_table 
----------------
 t
(1 row)

\d global_worker_started;
      Table "public.global_worker_started"
 Column | Type | Collation | Nullable | Default 
--------+------+-----------+----------+---------

