SELECT omni_ext.load('omni_ext_test', 'unknown');
 load 
------
 
(1 row)

SELECT omni_ext.load('omni_ext_test', '0.1');
 load 
------
 0.1
(1 row)

