-- Pre-loaded value
SELECT omni_ext_test.alloc_shmem_global();
 alloc_shmem_global 
--------------------
 test
(1 row)

-- Change it
SELECT omni_ext_test.update_global_value('updated');
 update_global_value 
---------------------
 updated
(1 row)

-- Re-load again
SELECT omni_ext.load('omni_ext_test');
 load 
------
 0.1
(1 row)

-- Should not be rolled back to the initialized value
SELECT omni_ext_test.alloc_shmem_global();
 alloc_shmem_global 
--------------------
 updated
(1 row)

