-- Since it's not preloaded, this test should not pass
SELECT omni_ext_test_no_preload.alloc_shmem_global();
ERROR:  no allocation found
SELECT omni_ext_test_no_preload.alloc_shmem_database_local();
ERROR:  no allocation found
-- Load
SELECT omni_ext.load('omni_ext_test_no_preload');
NOTICE:  _Dynpgext_init
 load 
------
 0.1
(1 row)

-- Should work now
SELECT omni_ext_test_no_preload.alloc_shmem_global();
 alloc_shmem_global 
--------------------
 test
(1 row)

-- Should work now, too
SELECT omni_ext_test_no_preload.alloc_shmem_database_local();
 alloc_shmem_database_local 
----------------------------
 testdb 0
(1 row)

CREATE DATABASE another_db;
\connect another_db
CREATE EXTENSION omni_ext_test_no_preload CASCADE;
NOTICE:  installing required extension "omni_ext"
SELECT omni_ext_test_no_preload.alloc_shmem_database_local();
 alloc_shmem_database_local 
----------------------------
 testdb 1
(1 row)

