-- Since it's preloaded, it's already initialized
SELECT omni_ext_test.alloc_shmem_global();
 alloc_shmem_global 
--------------------
 updated
(1 row)

--- Database-local
SELECT omni_ext_test.alloc_shmem_database_local();
 alloc_shmem_database_local 
----------------------------
 testdb 0
(1 row)

CREATE DATABASE another_db;
\connect another_db
CREATE EXTENSION omni_ext_test CASCADE;
NOTICE:  installing required extension "omni_ext"
SELECT omni_ext_test.alloc_shmem_database_local();
 alloc_shmem_database_local 
----------------------------
 testdb 1
(1 row)

