select 'select * from t where v != 1'::omni_sql.statement;
          statement           
------------------------------
 SELECT * FROM t WHERE v <> 1
(1 row)

