SELECT omni_sql.is_parameterized('SELECT 1'::omni_sql.statement);
 is_parameterized 
------------------
 f
(1 row)

SELECT omni_sql.is_parameterized('SELECT $1'::omni_sql.statement);
 is_parameterized 
------------------
 t
(1 row)

